
> preschool-website@0.1.0 test
> jest --testPathPatterns=components/login -t calls register --no-coverage

node.exe : FAIL __tests__/components/login/LoginPage.test.tsx
At line:1 char:1
+ & "C:\Program Files\nodejs/node.exe" "C:\Program Files\nodejs/node_mo ...
+ ~~~~~~~~~~~~~~~~~~~~~~~~~~~~~~~~~~~~~~~~~~~~~~~~~~~~~~~~~~~~~~~~~~~~~
    + CategoryInfo          : NotSpecified: (FAIL __tests__/...inPage.test.tsx:String) [], RemoteException
    + FullyQualifiedErrorId : NativeCommandError
 
  LoginPage
    Initial render
      Γùï skipped renders the school name heading
      Γùï skipped shows 'Login to your portal' subtitle by default
      Γùï skipped renders Email Address label and input in login mode
      Γùï skipped renders Password label and input in login mode
      Γùï skipped renders the Enter Portal submit button
      Γùï skipped renders the Google Continue button
      Γùï skipped renders Back to Home link
    Mode switching ΓÇö Login Γåö Sign Up
      Γùï skipped switches to signup mode when toggle button is clicked
      Γùï skipped shows Full Name placeholder in signup mode
      Γùï skipped shows 'Create Account' submit button in signup mode
      Γùï skipped can switch back to login mode from signup
    Login form submission
      Γùï skipped calls login() with correct email and password on submit
      Γùï skipped shows error message when login returns failure
      Γùï skipped clears error when switching between login/signup modes
    Signup form submission
      ├ù calls register() with name, email, password on signup submit (1976 ms)
    Google login
      Γùï skipped calls loginWithGoogle() when the Google button is clicked
    Authenticated redirect
      Γùï skipped calls router.replace('/dashboard/admin') when admin user is present
      Γùï skipped calls router.replace('/dashboard/parent') when parent user is present

  ΓùÅ LoginPage ΓÇ║ Signup form submission ΓÇ║ calls register() with name, email, password on signup submit

    expect(jest.fn()).toHaveBeenCalledWith(...expected)

    Expected: "Jane Doe", "jane@email.com", "pass1234"

    Number of calls: 0

    Ignored nodes: comments, script, style
    [36m<html>[39m
      [36m<head />[39m
      [36m<body>[39m
        [36m<div>[39m
          [36m<div[39m
            [33mclass[39m=[32m"relative min-h-screen flex items-center justify-center p-4 overflow-hidden"[39m
            [33mstyle[39m=[32m"background: linear-gradient(160deg, rgba(247, 242, 232, 0.6) 0%, rgba(232, 216, 195, 
0.6) 40%, rgba(183, 201, 168, 0.6) 100%);"[39m
          [36m>[39m
            [36m<div[39m
              [33mclass[39m=[32m"absolute inset-0 paper-texture pointer-events-none"[39m
            [36m/>[39m
            [36m<div[39m
              [33mclass[39m=[32m"absolute top-1/4 left-[5%] text-pistachio/10 text-2xl"[39m
            [36m>[39m
              [0mΓ£ª[0m
            [36m</div>[39m
            [36m<div[39m
              [33mclass[39m=[32m"relative w-full max-w-[420px]"[39m
            [36m>[39m
              [36m<div[39m
                [33mclass[39m=[32m"bg-soft-white rounded-[32px] p-8 sm:p-10 shadow-card border border-white/50 
paper-texture"[39m
              [36m>[39m
                [36m<a[39m
                  [33mclass[39m=[32m"inline-flex items-center gap-1.5 text-xs text-olive/40 hover:text-olive 
transition-colors font-body mb-4"[39m
                  [33mhref[39m=[32m"/"[39m
                [36m>[39m
                  [36m<svg[39m
                    [33maria-hidden[39m=[32m"true"[39m
                    [33mclass[39m=[32m"lucide lucide-arrow-left w-3.5 h-3.5"[39m
                    [33mfill[39m=[32m"none"[39m
                    [33mheight[39m=[32m"24"[39m
                    [33mstroke[39m=[32m"currentColor"[39m
                    [33mstroke-linecap[39m=[32m"round"[39m
                    [33mstroke-linejoin[39m=[32m"round"[39m
                    [33mstroke-width[39m=[32m"2"[39m
                    [33mviewBox[39m=[32m"0 0 24 24"[39m
                    [33mwidth[39m=[32m"24"[39m
                    [33mxmlns[39m=[32m"http://www.w3.org/2000/svg"[39m
                  [36m>[39m
                    [36m<path[39m
                      [33md[39m=[32m"m12 19-7-7 7-7"[39m
                    [36m/>[39m
                    [36m<path[39m
                      [33md[39m=[32m"M19 12H5"[39m
                    [36m/>[39m
                  [36m</svg>[39m
                  [0mBack to Home[0m
                [36m</a>[39m
                [36m<div[39m
                  [33mclass[39m=[32m"text-center mb-8"[39m
                [36m>[39m
                  [36m<div[39m
                    [33mclass[39m=[32m"w-[88px] h-[88px] mx-auto mb-5 rounded-full bg-gradient-to-br from-pistachio 
to-sage flex items-center justify-center shadow-[0_4px_16px_rgba(183,201,168,0.3)]"[39m
                  [36m>[39m
                    [36m<svg[39m
                      [33mfill[39m=[32m"none"[39m
                      [33mheight[39m=[32m"40"[39m
                      [33mviewBox[39m=[32m"0 0 40 40"[39m
                      [33mwidth[39m=[32m"40"[39m
                    [36m>[39m
                      [36m<path[39m
                        [33md[39m=[32m"M20 4C16 8 12 12 8 18C4 24 4 30 8 34C12 38 18 38 24 34C30 30 34 24 34 20C34 
16 30 12 26 8C22 4 20 4 20 4Z"[39m
                        [33mfill[39m=[32m"white"[39m
                        [33mfill-opacity[39m=[32m"0.3"[39m
                      [36m/>[39m
                      [36m<circle[39m
                        [33mcx[39m=[32m"16"[39m
                        [33mcy[39m=[32m"20"[39m
                        [33mfill[39m=[32m"white"[39m
                        [33mr[39m=[32m"1.5"[39m
                      [36m/>[39m
                      [36m<circle[39m
                        [33mcx[39m=[32m"24"[39m
                        [33mcy[39m=[32m"20"[39m
                        [33mfill[39m=[32m"white"[39m
                        [33mr[39m=[32m"1.5"[39m
                      [36m/>[39m
                      [36m<path[39m
                        [33md[39m=[32m"M18 26C19 27 21 27 22 26"[39m
                        [33mfill[39m=[32m"none"[39m
                        [33mstroke[39m=[32m"white"[39m
                        [33mstroke-linecap[39m=[32m"round"[39m
                        [33mstroke-width[39m=[32m"1.5"[39m
                      [36m/>[39m
                    [36m</svg>[39m
                  [36m</div>[39m
                  [36m<h1[39m
                    [33mclass[39m=[32m"text-olive text-[28px] sm:text-[32px] font-display font-bold leading-tight 
mb-1.5"[39m
                  [36m>[39m
                    [0mTiny Mind Play School[0m
                  [36m</h1>[39m
                  [36m<p[39m
                    [33mclass[39m=[32m"text-olive/60 text-sm font-body"[39m
                  [36m>[39m
                    [0mCreate a parent account[0m
                  [36m</p>[39m
                [36m</div>[39m
                [36m<form[39m
                  [33mclass[39m=[32m"space-y-5"[39m
                [36m>[39m
                  [36m<div>[39m
                    [36m<label[39m
                      [33mclass[39m=[32m"block text-sm font-medium text-olive mb-1.5 text-left font-body"[39m
                    [36m>[39m
                      [0mFull Name[0m
                    [36m</label>[39m
                    [36m<input[39m
                      [33mclass[39m=[32m"w-full px-5 py-3.5 rounded-full bg-cream border border-white/60 text-olive 
text-sm placeholder:text-beige/60 transition-all duration-300 outline-none focus:bg-white focus:border-pistachio 
focus:shadow-glow font-body"[39m
                      [33mplaceholder[39m=[32m"Your name"[39m
                      [33mrequired[39m=[32m""[39m
                      [33mstyle[39m=[32m"box-shadow: inset 0 2px 4px rgba(90,100,80,0.04);"[39m
                      [33mtype[39m=[32m"text"[39m
                      [33mvalue[39m=[32m"J"[39m
                    [36m/>[39m
                  [36m</div>[39m
                  [36m<div>[39m
                    [36m<label[39m
                      [33mclass[39m=[32m"block text-sm font-medium text-olive mb-1.5 text-left font-body"[39m
                    [36m>[39m
                      [0mEmail Address[0m
                    [36m</label>[39m
                    [36m<input[39m
                      [33mclass[39m=[32m"w-full px-5 py-3.5 rounded-full bg-cream border border-white/60 text-olive 
text-sm placeholder:text-beige/60 transition-all duration-300 outline-none focus:bg-white focus:border-pistachio 
focus:shadow-glow font-body"[39m
                      [33mplaceholder[39m=[32m"you@example.com"[39m
                      [33mrequired[39m=[32m""[39m
                      [33mstyle[39m=[32m"box-shadow: inset 0 2px 4px rgba(90,100,80,0.04);"[39m
                      [33mtype[39m=[32m"email"[39m
                      [33mvalue[39m=[32m""[39m
                    [36m/>[39m
                  [36m</div>[39m
                  [36m<div>[39m
                    [36m<label[39m
                      [33mclass[39m=[32m"block text-sm font-medium text-olive mb-1.5 text-left font-body"[39m
                    [36m>[39m
                      [0mPassword[0m
                    [36m</label>[39m
                    [36m<input[39m
                      [33mclass[39m=[32m"w-full px-5 py-3.5 rounded-full bg-cream border border-white/60 text-olive 
text-sm placeholder:text-beige/60 transition-all duration-300 outline-none focus:bg-white focus:border-pistachio 
focus:shadow-glow font-body"[39m
                      [33mplaceholder[39m=[32m"Create a password"[39m
                      [33mrequired[39m=[32m""[39m
                      [33mstyle[39m=[32m"box-shadow: inset 0 2px 4px rgba(90,100,80,0.04);"[39m
                      [33mtype[39m=[32m"password"[39m
                      [33mvalue[39m=[32m""[39m
                    [36m/>[39m
                  [36m</div>[39m
                  [36m<button[39m
                    [33mclass[39m=[32m"w-full flex items-center justify-center gap-2.5 px-6 py-3.5 rounded-full 
bg-gradient-to-r from-pistachio to-sage text-white text-sm font-medium font-body transition-all duration-300 
disabled:opacity-60 shadow-[0_4px_16px_rgba(183,201,168,0.25)] hover:shadow-[0_6px_24px_rgba(183,201,168,0.35)]"[39m
                    [33mtype[39m=[32m"submit"[39m
                  [36m>[39m
                    [36m<span>[39m
                      [0mCreate Account[0m
                    [36m</span>[39m
                    [36m<svg[39m
                      [33maria-hidden[39m=[32m"true"[39m
                      [33mclass[39m=[32m"lucide lucide-user-plus w-4 h-4"[39m
                      [33mfill[39m=[32m"none"[39m
                      [33mheight[39m=[32m"24"[39m
                      [33mstroke[39m=[32m"currentColor"[39m
                      [33mstroke-linecap[39m=[32m"round"[39m
                      [33mstroke-linejoin[39m=[32m"round"[39m
                      [33mstroke-width[39m=[32m"2"[39m
                      [33mviewBox[39m=[32m"0 0 24 24"[39m
                      [33mwidth[39m=[32m"24"[39m
                      [33mxmlns[39m=[32m"http://www.w3.org/2000/svg"[39m
                    [36m>[39m
                      [36m<path[39m
                        [33md[39m=[32m"M16 21v-2a4 4 0 0 0-4-4H6a4 4 0 0 0-4 4v2"[39m
                      [36m/>[39m
                      [36m<circle[39m
                        [33mcx[39m=[32m"9"[39m
                        [33mcy[39m=[32m"7"[39m
                        [33mr[39m=[32m"4"[39m
                      [36m/>[39m
                      [36m<line[39m
                        [33mx1[39m=[32m"19"[39m
                        [33mx2[39m=[32m"19"[39m
                        [33my1[39m=[32m"8"[39m
                        [33my2[39m=[32m"14"[39m
                      [36m/>[39m
                      [36m<line[39m
                        [33mx1[39m=[32m"22"[39m
                        [33mx2[39m=[32m"16"[39m
                        [33my1[39m=[32m"11"[39m
                        [33my2[39m=[32m"11"[39m
                      [36m/>[39m
                    [36m</svg>[39m
                  [36m</button>[39m
                [36m</form>[39m
                [36m<div[39m
                  [33mclass[39m=[32m"relative my-5"[39m
                [36m>[39m
                  [36m<div[39m
                    [33maria-hidden[39m=[32m"true"[39m
                    [33mclass[39m=[32m"absolute inset-0 flex items-center"[39m
                  [36m>[39m
                    [36m<div[39m
                      [33mclass[39m=[32m"w-full border-t border-beige/20"[39m
                    [36m/>[39m
                  [36m</div>[39m
                  [36m<div[39m
                    [33mclass[39m=[32m"relative flex justify-center text-xs font-body"[39m
                  [36m>[39m
                    [36m<span[39m
                      [33mclass[39m=[32m"bg-soft-white px-3 text-olive/40 font-medium"[39m
                    [36m>[39m
                      [0mOr continue with[0m
                    [36m</span>[39m
                  [36m</div>[39m
                [36m</div>[39m
                [36m<button[39m
                  [33mclass[39m=[32m"w-full flex items-center justify-center gap-2.5 px-6 py-3 rounded-full 
bg-white border border-beige/40 text-olive text-sm font-medium font-body transition-all duration-300 
disabled:opacity-60 shadow-sm hover:bg-cream/40"[39m
                  [33mtype[39m=[32m"button"[39m
                [36m>[39m
                  [36m<svg[39m
                    [33mfill[39m=[32m"none"[39m
                    [33mheight[39m=[32m"18"[39m
                    [33mviewBox[39m=[32m"0 0 24 24"[39m
                    [33mwidth[39m=[32m"18"[39m
                  [36m>[39m
                    [36m<path[39m
                      [33md[39m=[32m"M22.56 12.25c0-.78-.07-1.53-.2-2.25H12v4.26h5.92c-.26 1.37-1.04 2.53-2.21 
3.31v2.77h3.57c2.08-1.92 3.28-4.74 3.28-8.09z"[39m
                      [33mfill[39m=[32m"#4285F4"[39m
                    [36m/>[39m
                    [36m<path[39m
                      [33md[39m=[32m"M12 23c2.97 0 5.46-.98 7.28-2.66l-3.57-2.77c-.98.66-2.23 1.06-3.71 1.06-2.86 
0-5.29-1.93-6.16-4.53H2.18v2.84C3.99 20.53 7.7 23 12 23z"[39m
                      [33mfill[39m=[32m"#34A853"[39m
                    [36m/>[39m
                    [36m<path[39m
                      [33md[39m=[32m"M5.84 14.09c-.22-.66-.35-1.36-.35-2.09s.13-1.43.35-2.09V7.06H2.18C1.43 8.55 1 
10.22 1 12s.43 3.45 1.18 4.94l2.85-2.22.81-.63z"[39m
                      [33mfill[39m=[32m"#FBBC05"[39m
                    [36m/>[39m
                    [36m<path[39m
                      [33md[39m=[32m"M12 5.38c1.62 0 3.06.56 4.21 1.64l3.15-3.15C17.45 2.09 14.97 1 12 1 7.7 1 3.99 
3.47 2.18 7.06l3.66 2.84c.87-2.6 3.3-4.52 6.16-4.52z"[39m
                      [33mfill[39m=[32m"#EA4335"[39m
                    [36m/>[39m
                  [36m</svg>[39m
                  [36m<span>[39m
                    [0mContinue with Google[0m
                  [36m</span>[39m
                [36m</button>[39m
                [36m<div[39m
                  [33mclass[39m=[32m"mt-5 text-center"[39m
                [36m>[39m
                  [36m<button[39m
                    [33mclass[39m=[32m"inline-flex items-center gap-1.5 text-sm text-olive/50 hover:text-olive 
transition-colors font-body"[39m
                    [33mtype[39m=[32m"button"[39m
                  [36m>[39m
                    [36m<svg[39m
                      [33maria-hidden[39m=[32m"true"[39m
                      [33mclass[39m=[32m"lucide lucide-log-in w-3.5 h-3.5"[39m
                      [33mfill[39m=[32m"none"[39m
                      [33mheight[39m=[32m"24"[39m
                      [33mstroke[39m=[32m"currentColor"[39m
                      [33mstroke-linecap[39m=[32m"round"[39m
                      [33mstroke-linejoin[39m=[32m"round"[39m
                      [33mstroke-width[39m=[32m"2"[39m
                      [33mviewBox[39m=[32m"0 0 24 24"[39m
                      [33mwidth[39m=[32m"24"[39m
                      [33mxmlns[39m=[32m"http://www.w3.org/2000/svg"[39m
                    [36m>[39m
                      [36m<path[39m
                        [33md[39m=[32m"m10 17 5-5-5-5"[39m
                      [36m/>[39m
                      [36m<path[39m
                        [33md[39m=[32m"M15 12H3"[39m
                      [36m/>[39m
                      [36m<path[39m
                        [33md[39m=[32m"M15 3h4a2 2 0 0 1 2 2v14a2 2 0 0 1-2 2h-4"[39m
                      [36m/>[39m
                    [36m</svg>[39m
                    [0m Already have an account? Log in[0m
                  [36m</button>[39m
                [36m</div>[39m
              [36m</div>[39m
              [36m<p[39m
                [33mclass[39m=[32m"text-center mt-6 text-xs text-olive/40 font-body"[39m
              [36m>[39m
                [0mTiny Mind Play School ┬⌐ [0m
                [0m2026[0m
              [36m</p>[39m
            [36m</div>[39m
          [36m</div>[39m
        [36m</div>[39m
      [36m</body>[39m
    [36m</html>[39m

    [0m [90m 200 |[39m
     [90m 201 |[39m       [36mawait[39m waitFor(() [33m=>[39m {
    [31m[1m>[22m[39m[90m 202 |[39m         expect(mockRegister)[33m.[39mtoHaveBeenCalledWith([32m"Jane 
Doe"[39m[33m,[39m [32m"jane@email.com"[39m[33m,[39m [32m"pass1234"[39m)
     [90m     |[39m                              [31m[1m^[22m[39m
     [90m 203 |[39m       })
     [90m 204 |[39m     })
     [90m 205 |[39m   })[0m

      at toHaveBeenCalledWith (__tests__/components/login/LoginPage.test.tsx:202:30)
      at runWithExpensiveErrorDiagnosticsDisabled (node_modules/@testing-library/dom/dist/config.js:47:12)
      at checkCallback (node_modules/@testing-library/dom/dist/wait-for.js:124:77)
      at checkRealTimersCallback (node_modules/@testing-library/dom/dist/wait-for.js:118:16)
      at Timeout.task [as _onTimeout] (node_modules/jsdom/lib/jsdom/browser/Window.js:579:19)

Test Suites: 1 failed, 1 total
Tests:       1 failed, 17 skipped, 18 total
Snapshots:   0 total
Time:        4.828 s, estimated 10 s
Ran all test suites matching components/login with tests matching "calls register".
